// Jest Snapshot v1, https://goo.gl/fbAQLP

exports[`Disabllow selectors that are not used in a JS file and Class component 1`] = `
{
  "deprecations": [],
  "errored": true,
  "invalidOptionWarnings": [],
  "parseErrors": [],
  "warnings": [
    {
      "column": 1,
      "endColumn": 2,
      "endLine": 29,
      "line": 27,
      "rule": "plugin/detect-unused-selectors",
      "severity": "error",
      "text": ".not-found is defined but doesn't match any elements in test.js. (plugin/detect-unused-selectors)",
    },
  ],
}
`;
